../src/PropertyEdit.h:13:2:PropertyEdit::PropertyEdit()	16	static
../src/PropertyEdit.h:14:10:PropertyEdit::~PropertyEdit()	16	static
../src/PropertyEdit.h:14:10:virtual PropertyEdit::~PropertyEdit()	16	static
c:\nxp\mcuxpressoide_11.5.0_7232\ide\plugins\com.nxp.mcuxpresso.tools.win32_11.5.0.202107051138\tools\arm-none-eabi\include\c++\10.3.1\arm-none-eabi\thumb\v7-m\nofp\bits\gthr-default.h:229:1:int __gthread_key_delete(__gthread_key_t)	16	static
c:\nxp\mcuxpressoide_11.5.0_7232\ide\plugins\com.nxp.mcuxpresso.tools.win32_11.5.0.202107051138\tools\arm-none-eabi\include\c++\10.3.1\bits\atomic_base.h:100:3:constexpr std::memory_order std::operator&(std::memory_order, std::__memory_order_modifier)	16	static
c:\nxp\mcuxpressoide_11.5.0_7232\ide\plugins\com.nxp.mcuxpresso.tools.win32_11.5.0.202107051138\tools\arm-none-eabi\include\c++\10.3.1\atomic:79:5:bool std::atomic<bool>::operator=(bool)	16	static
../src/DecimalEdit.cpp:13:1:DecimalEdit::DecimalEdit(LiquidCrystal*, std::string, float, float, float)	24	static
../src/DecimalEdit.cpp:19:1:DecimalEdit::~DecimalEdit()	16	static
../src/DecimalEdit.cpp:19:1:virtual DecimalEdit::~DecimalEdit()	16	static
../src/DecimalEdit.cpp:22:6:virtual void DecimalEdit::increment()	16	static
../src/DecimalEdit.cpp:29:6:virtual void DecimalEdit::decrement()	16	static
../src/DecimalEdit.cpp:36:6:virtual void DecimalEdit::accept()	16	static
../src/DecimalEdit.cpp:41:6:virtual void DecimalEdit::cancel()	16	static
../src/DecimalEdit.cpp:45:6:virtual void DecimalEdit::setFocus(bool)	16	static
../src/DecimalEdit.cpp:49:6:virtual bool DecimalEdit::getFocus()	16	static
../src/DecimalEdit.cpp:53:6:virtual void DecimalEdit::display()	48	static
../src/DecimalEdit.cpp:68:6:void DecimalEdit::save()	16	static
../src/DecimalEdit.cpp:74:7:float DecimalEdit::getValue()	16	static
../src/DecimalEdit.cpp:78:6:void DecimalEdit::setValue(float)	16	static
c:\nxp\mcuxpressoide_11.5.0_7232\ide\plugins\com.nxp.mcuxpresso.tools.win32_11.5.0.202107051138\tools\arm-none-eabi\include\c++\10.3.1\bits\atomic_base.h:295:7:std::__atomic_base<_IntTp>::__int_type std::__atomic_base<_IntTp>::operator=(std::__atomic_base<_IntTp>::__int_type) [with _ITp = bool]	24	static
