../src/PropertyEdit.h:13:2:PropertyEdit::PropertyEdit()	16	static
../src/PropertyEdit.h:14:10:PropertyEdit::~PropertyEdit()	16	static
../src/PropertyEdit.h:14:10:virtual PropertyEdit::~PropertyEdit()	16	static
c:\nxp\mcuxpressoide_11.5.0_7232\ide\plugins\com.nxp.mcuxpresso.tools.win32_11.5.0.202107051138\tools\arm-none-eabi\include\c++\10.3.1\arm-none-eabi\thumb\v7-m\nofp\bits\gthr-default.h:229:1:int __gthread_key_delete(__gthread_key_t)	16	static
../src/KillerEdit.cpp:12:1:KillerEdit::KillerEdit(LiquidCrystal*, std::string, int, int)	24	static
../src/KillerEdit.cpp:19:1:KillerEdit::~KillerEdit()	16	static
../src/KillerEdit.cpp:19:1:virtual KillerEdit::~KillerEdit()	16	static
../src/KillerEdit.cpp:22:6:virtual void KillerEdit::increment()	16	static
../src/KillerEdit.cpp:26:6:virtual void KillerEdit::decrement()	16	static
../src/KillerEdit.cpp:30:6:virtual void KillerEdit::accept()	16	static
../src/KillerEdit.cpp:34:6:virtual void KillerEdit::cancel()	16	static
../src/KillerEdit.cpp:39:6:virtual void KillerEdit::setFocus(bool)	16	static
../src/KillerEdit.cpp:43:6:virtual bool KillerEdit::getFocus()	16	static
../src/KillerEdit.cpp:47:6:virtual void KillerEdit::display()	40	static
../src/KillerEdit.cpp:63:6:void KillerEdit::save()	16	static
../src/KillerEdit.cpp:72:5:int KillerEdit::getValue()	16	static
../src/KillerEdit.cpp:76:6:void KillerEdit::setValue(int)	16	static
