../src/PropertyEdit.h:13:2:PropertyEdit::PropertyEdit()	16	static
../src/PropertyEdit.h:14:10:PropertyEdit::~PropertyEdit()	16	static
../src/PropertyEdit.h:14:10:virtual PropertyEdit::~PropertyEdit()	16	static
c:\nxp\mcuxpressoide_11.5.0_7232\ide\plugins\com.nxp.mcuxpresso.tools.win32_11.5.0.202107051138\tools\arm-none-eabi\include\c++\10.3.1\arm-none-eabi\thumb\v7-m\nofp\bits\gthr-default.h:229:1:int __gthread_key_delete(__gthread_key_t)	16	static
../src/SleepEdit.cpp:11:1:SleepEdit::SleepEdit(LiquidCrystal*, std::string, int, int)	24	static
../src/SleepEdit.cpp:17:1:SleepEdit::~SleepEdit()	16	static
../src/SleepEdit.cpp:17:1:virtual SleepEdit::~SleepEdit()	16	static
../src/SleepEdit.cpp:20:6:virtual void SleepEdit::increment()	16	static
../src/SleepEdit.cpp:24:6:virtual void SleepEdit::decrement()	16	static
../src/SleepEdit.cpp:28:6:virtual void SleepEdit::accept()	16	static
../src/SleepEdit.cpp:32:6:virtual void SleepEdit::cancel()	16	static
../src/SleepEdit.cpp:37:6:virtual void SleepEdit::setFocus(bool)	16	static
../src/SleepEdit.cpp:41:6:virtual bool SleepEdit::getFocus()	16	static
../src/SleepEdit.cpp:45:6:virtual void SleepEdit::display()	40	static
../src/SleepEdit.cpp:61:6:void SleepEdit::save()	16	static
../src/SleepEdit.cpp:69:5:int SleepEdit::getValue()	16	static
../src/SleepEdit.cpp:73:6:void SleepEdit::setValue(int)	16	static
