C:\Users\Manish\Documents\MCUXpressoIDE_11.5.0_7232\embSysPro\lpc_chip_15xx\inc/core_cm3.h:1323:22:void NVIC_EnableIRQ(IRQn_Type)	16	static
C:\Users\Manish\Documents\MCUXpressoIDE_11.5.0_7232\embSysPro\lpc_chip_15xx\inc/core_cm3.h:1375:22:void NVIC_ClearPendingIRQ(IRQn_Type)	16	static
C:\Users\Manish\Documents\MCUXpressoIDE_11.5.0_7232\embSysPro\lpc_chip_15xx\inc/core_cm3.h:1405:22:void NVIC_SetPriority(IRQn_Type, uint32_t)	16	static
C:\Users\Manish\Documents\MCUXpressoIDE_11.5.0_7232\embSysPro\lpc_chip_15xx\inc/core_cm3.h:1532:26:uint32_t SysTick_Config(uint32_t)	16	static
C:\Users\Manish\Documents\MCUXpressoIDE_11.5.0_7232\embSysPro\lpc_chip_15xx\inc/sysctl_15xx.h:185:20:void Chip_SYSCTL_PeriphReset(CHIP_SYSCTL_PERIPH_RESET_T)	16	static
C:\Users\Manish\Documents\MCUXpressoIDE_11.5.0_7232\embSysPro\lpc_chip_15xx\inc/clock_15xx.h:500:20:void Chip_Clock_SetSysTickClockDiv(uint32_t)	16	static
C:\Users\Manish\Documents\MCUXpressoIDE_11.5.0_7232\embSysPro\lpc_chip_15xx\inc/pinint_15xx.h:79:20:void Chip_PININT_Init(LPC_PIN_INT_T*)	16	static
C:\Users\Manish\Documents\MCUXpressoIDE_11.5.0_7232\embSysPro\lpc_chip_15xx\inc/pinint_15xx.h:101:20:void Chip_PININT_SetPinModeEdge(LPC_PIN_INT_T*, uint32_t)	16	static
C:\Users\Manish\Documents\MCUXpressoIDE_11.5.0_7232\embSysPro\lpc_chip_15xx\inc/pinint_15xx.h:171:20:void Chip_PININT_EnableIntLow(LPC_PIN_INT_T*, uint32_t)	16	static
C:\Users\Manish\Documents\MCUXpressoIDE_11.5.0_7232\embSysPro\lpc_chip_15xx\inc/pinint_15xx.h:245:20:void Chip_PININT_ClearIntStatus(LPC_PIN_INT_T*, uint32_t)	16	static
C:\Users\Manish\Documents\MCUXpressoIDE_11.5.0_7232\embSysPro\lpc_chip_15xx\inc/inmux_15xx.h:221:20:void Chip_INMUX_PinIntSel(uint8_t, uint8_t, uint8_t)	16	static
c:\nxp\mcuxpressoide_11.5.0_7232\ide\plugins\com.nxp.mcuxpresso.tools.win32_11.5.0.202107051138\tools\arm-none-eabi\include\c++\10.3.1\arm-none-eabi\thumb\v7-m\nofp\bits\gthr-default.h:229:1:int __gthread_key_delete(__gthread_key_t)	16	static
c:\nxp\mcuxpressoide_11.5.0_7232\ide\plugins\com.nxp.mcuxpresso.tools.win32_11.5.0.202107051138\tools\arm-none-eabi\include\c++\10.3.1\bits\basic_string.h:6609:3:std::string std::__cxx11::to_string(int)	40	static
c:\nxp\mcuxpressoide_11.5.0_7232\ide\plugins\com.nxp.mcuxpresso.tools.win32_11.5.0.202107051138\tools\arm-none-eabi\include\c++\10.3.1\bits\atomic_base.h:100:3:constexpr std::memory_order std::operator&(std::memory_order, std::__memory_order_modifier)	16	static
c:\nxp\mcuxpressoide_11.5.0_7232\ide\plugins\com.nxp.mcuxpresso.tools.win32_11.5.0.202107051138\tools\arm-none-eabi\include\c++\10.3.1\atomic:770:17:constexpr std::atomic<int>::atomic(std::atomic<int>::__integral_type)	16	static
../src/lab5_timersLCD.cpp:266:6:void PIN_INT0_IRQHandler()	8	static
../src/lab5_timersLCD.cpp:272:6:void SysTick_Handler()	8	static
../src/lab5_timersLCD.cpp:280:6:void Sleep(int)	16	static
../src/lab5_timersLCD.cpp:288:6:void Set_SysTickRate(int)	24	static
../src/lab5_timersLCD.cpp:295:5:int main()	96	static
c:\nxp\mcuxpressoide_11.5.0_7232\ide\plugins\com.nxp.mcuxpresso.tools.win32_11.5.0.202107051138\tools\arm-none-eabi\include\c++\10.3.1\bits\charconv.h:47:5:unsigned int std::__detail::__to_chars_len(_Tp, int) [with _Tp = unsigned int]	32	static
c:\nxp\mcuxpressoide_11.5.0_7232\ide\plugins\com.nxp.mcuxpresso.tools.win32_11.5.0.202107051138\tools\arm-none-eabi\include\c++\10.3.1\bits\charconv.h:72:5:void std::__detail::__to_chars_10_impl(char*, unsigned int, _Tp) [with _Tp = unsigned int]	40	static
c:\nxp\mcuxpressoide_11.5.0_7232\ide\plugins\com.nxp.mcuxpresso.tools.win32_11.5.0.202107051138\tools\arm-none-eabi\include\c++\10.3.1\bits\atomic_base.h:286:17:constexpr std::__atomic_base<_IntTp>::__atomic_base(std::__atomic_base<_IntTp>::__int_type) [with _ITp = int]	16	static
c:\nxp\mcuxpressoide_11.5.0_7232\ide\plugins\com.nxp.mcuxpresso.tools.win32_11.5.0.202107051138\tools\arm-none-eabi\include\c++\10.3.1\bits\atomic_base.h:313:7:std::__atomic_base<_IntTp>::__int_type std::__atomic_base<_IntTp>::operator++(int) volatile [with _ITp = int]	32	static
c:\nxp\mcuxpressoide_11.5.0_7232\ide\plugins\com.nxp.mcuxpresso.tools.win32_11.5.0.202107051138\tools\arm-none-eabi\include\c++\10.3.1\bits\atomic_base.h:291:7:std::__atomic_base<_IntTp>::operator std::__atomic_base<_IntTp>::__int_type() const volatile [with _ITp = int]	24	static
c:\nxp\mcuxpressoide_11.5.0_7232\ide\plugins\com.nxp.mcuxpresso.tools.win32_11.5.0.202107051138\tools\arm-none-eabi\include\c++\10.3.1\bits\atomic_base.h:321:7:std::__atomic_base<_IntTp>::__int_type std::__atomic_base<_IntTp>::operator--(int) volatile [with _ITp = int]	32	static
c:\nxp\mcuxpressoide_11.5.0_7232\ide\plugins\com.nxp.mcuxpresso.tools.win32_11.5.0.202107051138\tools\arm-none-eabi\include\c++\10.3.1\bits\atomic_base.h:302:7:std::__atomic_base<_IntTp>::__int_type std::__atomic_base<_IntTp>::operator=(std::__atomic_base<_IntTp>::__int_type) volatile [with _ITp = int]	32	static
c:\nxp\mcuxpressoide_11.5.0_7232\ide\plugins\com.nxp.mcuxpresso.tools.win32_11.5.0.202107051138\tools\arm-none-eabi\include\c++\10.3.1\bits\atomic_base.h:288:7:std::__atomic_base<_IntTp>::operator std::__atomic_base<_IntTp>::__int_type() const [with _ITp = int]	24	static
c:\nxp\mcuxpressoide_11.5.0_7232\ide\plugins\com.nxp.mcuxpresso.tools.win32_11.5.0.202107051138\tools\arm-none-eabi\include\c++\10.3.1\bits\atomic_base.h:295:7:std::__atomic_base<_IntTp>::__int_type std::__atomic_base<_IntTp>::operator=(std::__atomic_base<_IntTp>::__int_type) [with _ITp = int]	32	static
../src/lab5_timersLCD.cpp:346:1:void __static_initialization_and_destruction_0(int, int)	16	static
../src/lab5_timersLCD.cpp:346:1:cpp)	8	static
