17:54:28 **** Build of configuration Debug for project lab5_timersLCD ****
make -r -j4 all 
Building file: ../src/DigitalIoPin.cpp
Building file: ../src/lab5_main.cpp
Building file: ../src/sysinit.c
Invoking: MCU C++ Compiler
Invoking: MCU C++ Compiler
arm-none-eabi-c++ -std=c++11 -DDEBUG -D__CODE_RED -D__NEWLIB__ -DCORE_M3 -D__USE_LPCOPEN -DCPP_USE_HEAP -D__LPC15XX__ -I"C:\Users\Manish\Documents\MCUXpressoIDE_11.5.0_7232\embSysPro\lpc_board_nxp_lpcxpresso_1549\inc" -I"C:\Users\Manish\Documents\MCUXpressoIDE_11.5.0_7232\embSysPro\lpc_chip_15xx\inc" -O0 -fno-common -g3 -Wall -c -fmessage-length=0 -fno-builtin -ffunction-sections -fdata-sections -fno-rtti -fno-exceptions -fmerge-constants -fmacro-prefix-map="../src/"= -mcpu=cortex-m3 -mthumb -fstack-usage -MMD -MP -MF"src/DigitalIoPin.d" -MT"src/DigitalIoPin.o" -MT"src/DigitalIoPin.d" -o "src/DigitalIoPin.o" "../src/DigitalIoPin.cpp"
arm-none-eabi-c++ -std=c++11 -DDEBUG -D__CODE_RED -D__NEWLIB__ -DCORE_M3 -D__USE_LPCOPEN -DCPP_USE_HEAP -D__LPC15XX__ -I"C:\Users\Manish\Documents\MCUXpressoIDE_11.5.0_7232\embSysPro\lpc_board_nxp_lpcxpresso_1549\inc" -I"C:\Users\Manish\Documents\MCUXpressoIDE_11.5.0_7232\embSysPro\lpc_chip_15xx\inc" -O0 -fno-common -g3 -Wall -c -fmessage-length=0 -fno-builtin -ffunction-sections -fdata-sections -fno-rtti -fno-exceptions -fmerge-constants -fmacro-prefix-map="../src/"= -mcpu=cortex-m3 -mthumb -fstack-usage -MMD -MP -MF"src/lab5_main.d" -MT"src/lab5_main.o" -MT"src/lab5_main.d" -o "src/lab5_main.o" "../src/lab5_main.cpp"
Invoking: MCU C Compiler
arm-none-eabi-gcc -std=c11 -DDEBUG -D__CODE_RED -D__NEWLIB__ -DCORE_M3 -D__USE_LPCOPEN -DCPP_USE_HEAP -D__LPC15XX__ -I"C:\Users\Manish\Documents\MCUXpressoIDE_11.5.0_7232\embSysPro\lpc_board_nxp_lpcxpresso_1549\inc" -I"C:\Users\Manish\Documents\MCUXpressoIDE_11.5.0_7232\embSysPro\lpc_chip_15xx\inc" -O0 -fno-common -g3 -Wall -c -fmessage-length=0 -fno-builtin -ffunction-sections -fdata-sections -fmerge-constants -fmacro-prefix-map="../src/"= -mcpu=cortex-m3 -mthumb -fstack-usage -MMD -MP -MF"src/sysinit.d" -MT"src/sysinit.o" -MT"src/sysinit.d" -o "src/sysinit.o" "../src/sysinit.c"
Finished building: ../src/DigitalIoPin.cpp
 
Finished building: ../src/sysinit.c
 
Finished building: ../src/lab5_main.cpp
 
Building target: lab5_timersLCD.axf
Invoking: MCU C++ Linker
arm-none-eabi-c++ -nostdlib -L"C:\Users\Manish\Documents\MCUXpressoIDE_11.5.0_7232\embSysPro\lpc_board_nxp_lpcxpresso_1549\Debug" -L"C:\Users\Manish\Documents\MCUXpressoIDE_11.5.0_7232\embSysPro\lpc_chip_15xx\Debug" -Xlinker -Map="lab5_timersLCD.map" -Xlinker --cref -Xlinker --gc-sections -Xlinker -print-memory-usage -mcpu=cortex-m3 -mthumb -T "lab5_timersLCD_Debug.ld" -o "lab5_timersLCD.axf"  ./src/DigitalIoPin.o ./src/Imutex.o ./src/LiquidCrystal.o ./src/LpcUart.o ./src/RealTimeClock.o ./src/cr_cpp_config.o ./src/cr_startup_lpc15xx.o ./src/crp.o ./src/lab5_main.o ./src/sysinit.o   -llpc_board_nxp_lpcxpresso_1549 -llpc_chip_15xx
Memory region         Used Size  Region Size  %age Used
       MFlash256:       24624 B       256 KB      9.39%
      Ram0_16_32:        2280 B        32 KB      6.96%
          Ram2_4:          0 GB         4 KB      0.00%
Finished building target: lab5_timersLCD.axf
 
Performing post-build steps
arm-none-eabi-size "lab5_timersLCD.axf"; # arm-none-eabi-objcopy -v -O binary "lab5_timersLCD.axf" "lab5_timersLCD.bin" ; # checksum -p LPC1549 -d "lab5_timersLCD.bin";
   text	   data	    bss	    dec	    hex	filename
  22504	   2120	    160	  24784	   60d0	lab5_timersLCD.axf
 

17:54:29 Build Finished. 0 errors, 0 warnings. (took 1s.240ms)

