18:47:54 **** Incremental Build of configuration Debug for project periph_blinky ****
make -r -j4 all 
Building target: periph_blinky.axf
Invoking: MCU Linker
arm-none-eabi-gcc -nostdlib -L"C:\Users\Manish\Documents\MCUXpressoIDE_11.5.0_7232\embSysPro\lpc_chip_15xx\Debug" -L"C:\Users\Manish\Documents\MCUXpressoIDE_11.5.0_7232\embSysPro\lpc_board_nxp_lpcxpresso_1549\Debug" -Xlinker -Map="periph_blinky.map" -Xlinker --gc-sections -mcpu=cortex-m3 -mthumb -T "periph_blinky_Debug.ld" -o "periph_blinky.axf"  ./example/src/cr_startup_lpc15xx.o ./example/src/sysinit.o ./example/src/systick.o   -llpc_board_nxp_lpcxpresso_1549 -llpc_chip_15xx
Finished building target: periph_blinky.axf
 
Performing post-build steps
arm-none-eabi-size "periph_blinky.axf"; # arm-none-eabi-objcopy -v -O binary "periph_blinky.axf" "periph_blinky.bin" ; # checksum -p LPC1549 -d "periph_blinky.bin";
   text	   data	    bss	    dec	    hex	filename
   6536	      0	    488	   7024	   1b70	periph_blinky.axf
 

18:47:55 Build Finished. 0 errors, 0 warnings. (took 421ms)

