15:28:50 **** Build of configuration Debug for project ventilationProject ****
make -r -j4 all 
Building file: ../src/DigitalIoPin.cpp
Building file: ../src/I2C.cpp
Building file: ../src/IntegerEdit.cpp
Invoking: MCU C++ Compiler
Invoking: MCU C++ Compiler
arm-none-eabi-c++ -std=c++11 -DDEBUG -D__CODE_RED -D__NEWLIB__ -DCORE_M3 -D__USE_LPCOPEN -DCPP_USE_HEAP -D__LPC15XX__ -I"C:\Users\Manish\Documents\MCUXpressoIDE_11.5.0_7232\embSysPro\lpc_board_nxp_lpcxpresso_1549\inc" -I"C:\Users\Manish\Documents\MCUXpressoIDE_11.5.0_7232\embSysPro\lpc_chip_15xx\inc" -O0 -fno-common -g3 -Wall -c -fmessage-length=0 -fno-builtin -ffunction-sections -fdata-sections -fno-rtti -fno-exceptions -fmerge-constants -fmacro-prefix-map="../src/"= -mcpu=cortex-m3 -mthumb -fstack-usage -MMD -MP -MF"src/DigitalIoPin.d" -MT"src/DigitalIoPin.o" -MT"src/DigitalIoPin.d" -o "src/DigitalIoPin.o" "../src/DigitalIoPin.cpp"
arm-none-eabi-c++ -std=c++11 -DDEBUG -D__CODE_RED -D__NEWLIB__ -DCORE_M3 -D__USE_LPCOPEN -DCPP_USE_HEAP -D__LPC15XX__ -I"C:\Users\Manish\Documents\MCUXpressoIDE_11.5.0_7232\embSysPro\lpc_board_nxp_lpcxpresso_1549\inc" -I"C:\Users\Manish\Documents\MCUXpressoIDE_11.5.0_7232\embSysPro\lpc_chip_15xx\inc" -O0 -fno-common -g3 -Wall -c -fmessage-length=0 -fno-builtin -ffunction-sections -fdata-sections -fno-rtti -fno-exceptions -fmerge-constants -fmacro-prefix-map="../src/"= -mcpu=cortex-m3 -mthumb -fstack-usage -MMD -MP -MF"src/I2C.d" -MT"src/I2C.o" -MT"src/I2C.d" -o "src/I2C.o" "../src/I2C.cpp"
Invoking: MCU C++ Compiler
arm-none-eabi-c++ -std=c++11 -DDEBUG -D__CODE_RED -D__NEWLIB__ -DCORE_M3 -D__USE_LPCOPEN -DCPP_USE_HEAP -D__LPC15XX__ -I"C:\Users\Manish\Documents\MCUXpressoIDE_11.5.0_7232\embSysPro\lpc_board_nxp_lpcxpresso_1549\inc" -I"C:\Users\Manish\Documents\MCUXpressoIDE_11.5.0_7232\embSysPro\lpc_chip_15xx\inc" -O0 -fno-common -g3 -Wall -c -fmessage-length=0 -fno-builtin -ffunction-sections -fdata-sections -fno-rtti -fno-exceptions -fmerge-constants -fmacro-prefix-map="../src/"= -mcpu=cortex-m3 -mthumb -fstack-usage -MMD -MP -MF"src/IntegerEdit.d" -MT"src/IntegerEdit.o" -MT"src/IntegerEdit.d" -o "src/IntegerEdit.o" "../src/IntegerEdit.cpp"
Building file: ../src/LiquidCrystal.cpp
Invoking: MCU C++ Compiler
arm-none-eabi-c++ -std=c++11 -DDEBUG -D__CODE_RED -D__NEWLIB__ -DCORE_M3 -D__USE_LPCOPEN -DCPP_USE_HEAP -D__LPC15XX__ -I"C:\Users\Manish\Documents\MCUXpressoIDE_11.5.0_7232\embSysPro\lpc_board_nxp_lpcxpresso_1549\inc" -I"C:\Users\Manish\Documents\MCUXpressoIDE_11.5.0_7232\embSysPro\lpc_chip_15xx\inc" -O0 -fno-common -g3 -Wall -c -fmessage-length=0 -fno-builtin -ffunction-sections -fdata-sections -fno-rtti -fno-exceptions -fmerge-constants -fmacro-prefix-map="../src/"= -mcpu=cortex-m3 -mthumb -fstack-usage -MMD -MP -MF"src/LiquidCrystal.d" -MT"src/LiquidCrystal.o" -MT"src/LiquidCrystal.d" -o "src/LiquidCrystal.o" "../src/LiquidCrystal.cpp"
Finished building: ../src/DigitalIoPin.cpp
Finished building: ../src/I2C.cpp
 
 
Building file: ../src/LpcUart.cpp
Building file: ../src/Main.cpp
Invoking: MCU C++ Compiler
arm-none-eabi-c++ -std=c++11 -DDEBUG -D__CODE_RED -D__NEWLIB__ -DCORE_M3 -D__USE_LPCOPEN -DCPP_USE_HEAP -D__LPC15XX__ -I"C:\Users\Manish\Documents\MCUXpressoIDE_11.5.0_7232\embSysPro\lpc_board_nxp_lpcxpresso_1549\inc" -I"C:\Users\Manish\Documents\MCUXpressoIDE_11.5.0_7232\embSysPro\lpc_chip_15xx\inc" -O0 -fno-common -g3 -Wall -c -fmessage-length=0 -fno-builtin -ffunction-sections -fdata-sections -fno-rtti -fno-exceptions -fmerge-constants -fmacro-prefix-map="../src/"= -mcpu=cortex-m3 -mthumb -fstack-usage -MMD -MP -MF"src/LpcUart.d" -MT"src/LpcUart.o" -MT"src/LpcUart.d" -o "src/LpcUart.o" "../src/LpcUart.cpp"
Invoking: MCU C++ Compiler
arm-none-eabi-c++ -std=c++11 -DDEBUG -D__CODE_RED -D__NEWLIB__ -DCORE_M3 -D__USE_LPCOPEN -DCPP_USE_HEAP -D__LPC15XX__ -I"C:\Users\Manish\Documents\MCUXpressoIDE_11.5.0_7232\embSysPro\lpc_board_nxp_lpcxpresso_1549\inc" -I"C:\Users\Manish\Documents\MCUXpressoIDE_11.5.0_7232\embSysPro\lpc_chip_15xx\inc" -O0 -fno-common -g3 -Wall -c -fmessage-length=0 -fno-builtin -ffunction-sections -fdata-sections -fno-rtti -fno-exceptions -fmerge-constants -fmacro-prefix-map="../src/"= -mcpu=cortex-m3 -mthumb -fstack-usage -MMD -MP -MF"src/Main.d" -MT"src/Main.o" -MT"src/Main.d" -o "src/Main.o" "../src/Main.cpp"
../src/Main.cpp:35:1: warning: "/*" within comment [-Wcomment]
   35 | /* this function is required by the modbus library *//*
      |  
../src/Main.cpp:295:1: warning: "/*" within comment [-Wcomment]
  295 | /* this function is required by the modbus library *//*
      |  
Finished building: ../src/Main.cpp
 
Building file: ../src/Main_old.cpp
Finished building: ../src/IntegerEdit.cpp
Invoking: MCU C++ Compiler
arm-none-eabi-c++ -std=c++11 -DDEBUG -D__CODE_RED -D__NEWLIB__ -DCORE_M3 -D__USE_LPCOPEN -DCPP_USE_HEAP -D__LPC15XX__ -I"C:\Users\Manish\Documents\MCUXpressoIDE_11.5.0_7232\embSysPro\lpc_board_nxp_lpcxpresso_1549\inc" -I"C:\Users\Manish\Documents\MCUXpressoIDE_11.5.0_7232\embSysPro\lpc_chip_15xx\inc" -O0 -fno-common -g3 -Wall -c -fmessage-length=0 -fno-builtin -ffunction-sections -fdata-sections -fno-rtti -fno-exceptions -fmerge-constants -fmacro-prefix-map="../src/"= -mcpu=cortex-m3 -mthumb -fstack-usage -MMD -MP -MF"src/Main_old.d" -MT"src/Main_old.o" -MT"src/Main_old.d" -o "src/Main_old.o" "../src/Main_old.cpp"
 
Finished building: ../src/LiquidCrystal.cpp
Building file: ../src/MenuItem.cpp
 
Invoking: MCU C++ Compiler
arm-none-eabi-c++ -std=c++11 -DDEBUG -D__CODE_RED -D__NEWLIB__ -DCORE_M3 -D__USE_LPCOPEN -DCPP_USE_HEAP -D__LPC15XX__ -I"C:\Users\Manish\Documents\MCUXpressoIDE_11.5.0_7232\embSysPro\lpc_board_nxp_lpcxpresso_1549\inc" -I"C:\Users\Manish\Documents\MCUXpressoIDE_11.5.0_7232\embSysPro\lpc_chip_15xx\inc" -O0 -fno-common -g3 -Wall -c -fmessage-length=0 -fno-builtin -ffunction-sections -fdata-sections -fno-rtti -fno-exceptions -fmerge-constants -fmacro-prefix-map="../src/"= -mcpu=cortex-m3 -mthumb -fstack-usage -MMD -MP -MF"src/MenuItem.d" -MT"src/MenuItem.o" -MT"src/MenuItem.d" -o "src/MenuItem.o" "../src/MenuItem.cpp"
Finished building: ../src/LpcUart.cpp
Building file: ../src/ModeEdit.cpp
../src/Main_old.cpp:35:1: warning: "/*" within comment [-Wcomment]
 
   35 | /* this function is required by the modbus library *//*
      |  
Invoking: MCU C++ Compiler
arm-none-eabi-c++ -std=c++11 -DDEBUG -D__CODE_RED -D__NEWLIB__ -DCORE_M3 -D__USE_LPCOPEN -DCPP_USE_HEAP -D__LPC15XX__ -I"C:\Users\Manish\Documents\MCUXpressoIDE_11.5.0_7232\embSysPro\lpc_board_nxp_lpcxpresso_1549\inc" -I"C:\Users\Manish\Documents\MCUXpressoIDE_11.5.0_7232\embSysPro\lpc_chip_15xx\inc" -O0 -fno-common -g3 -Wall -c -fmessage-length=0 -fno-builtin -ffunction-sections -fdata-sections -fno-rtti -fno-exceptions -fmerge-constants -fmacro-prefix-map="../src/"= -mcpu=cortex-m3 -mthumb -fstack-usage -MMD -MP -MF"src/ModeEdit.d" -MT"src/ModeEdit.o" -MT"src/ModeEdit.d" -o "src/ModeEdit.o" "../src/ModeEdit.cpp"
Building file: ../src/MqttController.cpp
Invoking: MCU C++ Compiler
arm-none-eabi-c++ -std=c++11 -DDEBUG -D__CODE_RED -D__NEWLIB__ -DCORE_M3 -D__USE_LPCOPEN -DCPP_USE_HEAP -D__LPC15XX__ -I"C:\Users\Manish\Documents\MCUXpressoIDE_11.5.0_7232\embSysPro\lpc_board_nxp_lpcxpresso_1549\inc" -I"C:\Users\Manish\Documents\MCUXpressoIDE_11.5.0_7232\embSysPro\lpc_chip_15xx\inc" -O0 -fno-common -g3 -Wall -c -fmessage-length=0 -fno-builtin -ffunction-sections -fdata-sections -fno-rtti -fno-exceptions -fmerge-constants -fmacro-prefix-map="../src/"= -mcpu=cortex-m3 -mthumb -fstack-usage -MMD -MP -MF"src/MqttController.d" -MT"src/MqttController.o" -MT"src/MqttController.d" -o "src/MqttController.o" "../src/MqttController.cpp"
Finished building: ../src/Main_old.cpp
 
Building file: ../src/SimpleMenu.cpp
Invoking: MCU C++ Compiler
arm-none-eabi-c++ -std=c++11 -DDEBUG -D__CODE_RED -D__NEWLIB__ -DCORE_M3 -D__USE_LPCOPEN -DCPP_USE_HEAP -D__LPC15XX__ -I"C:\Users\Manish\Documents\MCUXpressoIDE_11.5.0_7232\embSysPro\lpc_board_nxp_lpcxpresso_1549\inc" -I"C:\Users\Manish\Documents\MCUXpressoIDE_11.5.0_7232\embSysPro\lpc_chip_15xx\inc" -O0 -fno-common -g3 -Wall -c -fmessage-length=0 -fno-builtin -ffunction-sections -fdata-sections -fno-rtti -fno-exceptions -fmerge-constants -fmacro-prefix-map="../src/"= -mcpu=cortex-m3 -mthumb -fstack-usage -MMD -MP -MF"src/SimpleMenu.d" -MT"src/SimpleMenu.o" -MT"src/SimpleMenu.d" -o "src/SimpleMenu.o" "../src/SimpleMenu.cpp"
Finished building: ../src/MenuItem.cpp
 
Building file: ../src/SleepMilli.cpp
Invoking: MCU C++ Compiler
Finished building: ../src/MqttController.cpp
arm-none-eabi-c++ -std=c++11 -DDEBUG -D__CODE_RED -D__NEWLIB__ -DCORE_M3 -D__USE_LPCOPEN -DCPP_USE_HEAP -D__LPC15XX__ -I"C:\Users\Manish\Documents\MCUXpressoIDE_11.5.0_7232\embSysPro\lpc_board_nxp_lpcxpresso_1549\inc" -I"C:\Users\Manish\Documents\MCUXpressoIDE_11.5.0_7232\embSysPro\lpc_chip_15xx\inc" -O0 -fno-common -g3 -Wall -c -fmessage-length=0 -fno-builtin -ffunction-sections -fdata-sections -fno-rtti -fno-exceptions -fmerge-constants -fmacro-prefix-map="../src/"= -mcpu=cortex-m3 -mthumb -fstack-usage -MMD -MP -MF"src/SleepMilli.d" -MT"src/SleepMilli.o" -MT"src/SleepMilli.d" -o "src/SleepMilli.o" "../src/SleepMilli.cpp"
 
Building file: ../src/cr_cpp_config.cpp
Invoking: MCU C++ Compiler
arm-none-eabi-c++ -std=c++11 -DDEBUG -D__CODE_RED -D__NEWLIB__ -DCORE_M3 -D__USE_LPCOPEN -DCPP_USE_HEAP -D__LPC15XX__ -I"C:\Users\Manish\Documents\MCUXpressoIDE_11.5.0_7232\embSysPro\lpc_board_nxp_lpcxpresso_1549\inc" -I"C:\Users\Manish\Documents\MCUXpressoIDE_11.5.0_7232\embSysPro\lpc_chip_15xx\inc" -O0 -fno-common -g3 -Wall -c -fmessage-length=0 -fno-builtin -ffunction-sections -fdata-sections -fno-rtti -fno-exceptions -fmerge-constants -fmacro-prefix-map="../src/"= -mcpu=cortex-m3 -mthumb -fstack-usage -MMD -MP -MF"src/cr_cpp_config.d" -MT"src/cr_cpp_config.o" -MT"src/cr_cpp_config.d" -o "src/cr_cpp_config.o" "../src/cr_cpp_config.cpp"
Finished building: ../src/cr_cpp_config.cpp
 
Building file: ../src/cr_startup_lpc15xx.cpp
Finished building: ../src/SleepMilli.cpp
Invoking: MCU C++ Compiler
arm-none-eabi-c++ -std=c++11 -DDEBUG -D__CODE_RED -D__NEWLIB__ -DCORE_M3 -D__USE_LPCOPEN -DCPP_USE_HEAP -D__LPC15XX__ -I"C:\Users\Manish\Documents\MCUXpressoIDE_11.5.0_7232\embSysPro\lpc_board_nxp_lpcxpresso_1549\inc" -I"C:\Users\Manish\Documents\MCUXpressoIDE_11.5.0_7232\embSysPro\lpc_chip_15xx\inc" -O0 -fno-common -g3 -Wall -c -fmessage-length=0 -fno-builtin -ffunction-sections -fdata-sections -fno-rtti -fno-exceptions -fmerge-constants -fmacro-prefix-map="../src/"= -mcpu=cortex-m3 -mthumb -fstack-usage -MMD -MP -MF"src/cr_startup_lpc15xx.d" -MT"src/cr_startup_lpc15xx.o" -MT"src/cr_startup_lpc15xx.d" -o "src/cr_startup_lpc15xx.o" "../src/cr_startup_lpc15xx.cpp"
 
Finished building: ../src/SimpleMenu.cpp
Building file: ../src/crp.c
 
Invoking: MCU C Compiler
arm-none-eabi-gcc -std=c11 -DDEBUG -D__CODE_RED -D__NEWLIB__ -DCORE_M3 -D__USE_LPCOPEN -DCPP_USE_HEAP -D__LPC15XX__ -I"C:\Users\Manish\Documents\MCUXpressoIDE_11.5.0_7232\embSysPro\lpc_board_nxp_lpcxpresso_1549\inc" -I"C:\Users\Manish\Documents\MCUXpressoIDE_11.5.0_7232\embSysPro\lpc_chip_15xx\inc" -O0 -fno-common -g3 -Wall -c -fmessage-length=0 -fno-builtin -ffunction-sections -fdata-sections -fmerge-constants -fmacro-prefix-map="../src/"= -mcpu=cortex-m3 -mthumb -fstack-usage -MMD -MP -MF"src/crp.d" -MT"src/crp.o" -MT"src/crp.d" -o "src/crp.o" "../src/crp.c"
Finished building: ../src/ModeEdit.cpp
Building file: ../src/lab7_main.cpp
 
Invoking: MCU C++ Compiler
arm-none-eabi-c++ -std=c++11 -DDEBUG -D__CODE_RED -D__NEWLIB__ -DCORE_M3 -D__USE_LPCOPEN -DCPP_USE_HEAP -D__LPC15XX__ -I"C:\Users\Manish\Documents\MCUXpressoIDE_11.5.0_7232\embSysPro\lpc_board_nxp_lpcxpresso_1549\inc" -I"C:\Users\Manish\Documents\MCUXpressoIDE_11.5.0_7232\embSysPro\lpc_chip_15xx\inc" -O0 -fno-common -g3 -Wall -c -fmessage-length=0 -fno-builtin -ffunction-sections -fdata-sections -fno-rtti -fno-exceptions -fmerge-constants -fmacro-prefix-map="../src/"= -mcpu=cortex-m3 -mthumb -fstack-usage -MMD -MP -MF"src/lab7_main.d" -MT"src/lab7_main.o" -MT"src/lab7_main.d" -o "src/lab7_main.o" "../src/lab7_main.cpp"
Building file: ../src/retarget_uart.cpp
Invoking: MCU C++ Compiler
arm-none-eabi-c++ -std=c++11 -DDEBUG -D__CODE_RED -D__NEWLIB__ -DCORE_M3 -D__USE_LPCOPEN -DCPP_USE_HEAP -D__LPC15XX__ -I"C:\Users\Manish\Documents\MCUXpressoIDE_11.5.0_7232\embSysPro\lpc_board_nxp_lpcxpresso_1549\inc" -I"C:\Users\Manish\Documents\MCUXpressoIDE_11.5.0_7232\embSysPro\lpc_chip_15xx\inc" -O0 -fno-common -g3 -Wall -c -fmessage-length=0 -fno-builtin -ffunction-sections -fdata-sections -fno-rtti -fno-exceptions -fmerge-constants -fmacro-prefix-map="../src/"= -mcpu=cortex-m3 -mthumb -fstack-usage -MMD -MP -MF"src/retarget_uart.d" -MT"src/retarget_uart.o" -MT"src/retarget_uart.d" -o "src/retarget_uart.o" "../src/retarget_uart.cpp"
Finished building: ../src/cr_startup_lpc15xx.cpp
 
Building file: ../src/socket_mqtt.cpp
Invoking: MCU C++ Compiler
arm-none-eabi-c++ -std=c++11 -DDEBUG -D__CODE_RED -D__NEWLIB__ -DCORE_M3 -D__USE_LPCOPEN -DCPP_USE_HEAP -D__LPC15XX__ -I"C:\Users\Manish\Documents\MCUXpressoIDE_11.5.0_7232\embSysPro\lpc_board_nxp_lpcxpresso_1549\inc" -I"C:\Users\Manish\Documents\MCUXpressoIDE_11.5.0_7232\embSysPro\lpc_chip_15xx\inc" -O0 -fno-common -g3 -Wall -c -fmessage-length=0 -fno-builtin -ffunction-sections -fdata-sections -fno-rtti -fno-exceptions -fmerge-constants -fmacro-prefix-map="../src/"= -mcpu=cortex-m3 -mthumb -fstack-usage -MMD -MP -MF"src/socket_mqtt.d" -MT"src/socket_mqtt.o" -MT"src/socket_mqtt.d" -o "src/socket_mqtt.o" "../src/socket_mqtt.cpp"
Finished building: ../src/crp.c
 
Building file: ../src/sysinit.c
Invoking: MCU C Compiler
arm-none-eabi-gcc -std=c11 -DDEBUG -D__CODE_RED -D__NEWLIB__ -DCORE_M3 -D__USE_LPCOPEN -DCPP_USE_HEAP -D__LPC15XX__ -I"C:\Users\Manish\Documents\MCUXpressoIDE_11.5.0_7232\embSysPro\lpc_board_nxp_lpcxpresso_1549\inc" -I"C:\Users\Manish\Documents\MCUXpressoIDE_11.5.0_7232\embSysPro\lpc_chip_15xx\inc" -O0 -fno-common -g3 -Wall -c -fmessage-length=0 -fno-builtin -ffunction-sections -fdata-sections -fmerge-constants -fmacro-prefix-map="../src/"= -mcpu=cortex-m3 -mthumb -fstack-usage -MMD -MP -MF"src/sysinit.d" -MT"src/sysinit.o" -MT"src/sysinit.d" -o "src/sysinit.o" "../src/sysinit.c"
Finished building: ../src/socket_mqtt.cpp
Finished building: ../src/retarget_uart.cpp
 
 
Finished building: ../src/sysinit.c
 
Finished building: ../src/lab7_main.cpp
 
Building target: ventilationProject.axf
Invoking: MCU C++ Linker
arm-none-eabi-c++ -nostdlib -L"C:\Users\Manish\Documents\MCUXpressoIDE_11.5.0_7232\embSysPro\lpc_board_nxp_lpcxpresso_1549\Debug" -L"C:\Users\Manish\Documents\MCUXpressoIDE_11.5.0_7232\embSysPro\lpc_chip_15xx\Debug" -Xlinker -Map="ventilationProject.map" -Xlinker --cref -Xlinker --gc-sections -Xlinker -print-memory-usage -mcpu=cortex-m3 -mthumb -T "ventilationProject_Debug.ld" -o "ventilationProject.axf"  ./src/paho-mqtt/MQTTPacket/src/MQTTConnectClient.o ./src/paho-mqtt/MQTTPacket/src/MQTTConnectServer.o ./src/paho-mqtt/MQTTPacket/src/MQTTDeserializePublish.o ./src/paho-mqtt/MQTTPacket/src/MQTTFormat.o ./src/paho-mqtt/MQTTPacket/src/MQTTPacket.o ./src/paho-mqtt/MQTTPacket/src/MQTTSerializePublish.o ./src/paho-mqtt/MQTTPacket/src/MQTTSubscribeClient.o ./src/paho-mqtt/MQTTPacket/src/MQTTSubscribeServer.o ./src/paho-mqtt/MQTTPacket/src/MQTTUnsubscribeClient.o ./src/paho-mqtt/MQTTPacket/src/MQTTUnsubscribeServer.o  ./src/paho-mqtt/MQTTClient-C/src/MQTTClient.o  ./src/mqtt/MQTT_lpc1549.o ./src/mqtt/esp8266_socket.o ./src/mqtt/serial_port.o  ./src/modbus/ModbusMaster.o ./src/modbus/ModbusRegister.o ./src/modbus/SerialPort.o  ./src/DigitalIoPin.o ./src/I2C.o ./src/IntegerEdit.o ./src/LiquidCrystal.o ./src/LpcUart.o ./src/Main.o ./src/Main_old.o ./src/MenuItem.o ./src/ModeEdit.o ./src/MqttController.o ./src/SimpleMenu.o ./src/SleepMilli.o ./src/cr_cpp_config.o ./src/cr_startup_lpc15xx.o ./src/crp.o ./src/lab7_main.o ./src/retarget_uart.o ./src/socket_mqtt.o ./src/sysinit.o   -llpc_board_nxp_lpcxpresso_1549 -llpc_chip_15xx
Memory region         Used Size  Region Size  %age Used
       MFlash256:       15832 B       256 KB      6.04%
      Ram0_16_32:        2244 B        32 KB      6.85%
          Ram2_4:          0 GB         4 KB      0.00%
Finished building target: ventilationProject.axf
 
Performing post-build steps
arm-none-eabi-size "ventilationProject.axf"; # arm-none-eabi-objcopy -v -O binary "ventilationProject.axf" "ventilationProject.bin" ; # checksum -p LPC1549 -d "ventilationProject.bin";
   text	   data	    bss	    dec	    hex	filename
  13720	   2112	    132	  15964	   3e5c	ventilationProject.axf
 

15:28:53 Build Finished. 0 errors, 3 warnings. (took 3s.114ms)

